python: can't open file '/home/runner/workspace/cli.py': [Errno 2] No such file or directory
